// Jest Snapshot v1, https://goo.gl/fbAQLP

exports[`<Nav/> snapshot 1`] = `
<ul
  className="nav"
>
  <li>
    <NavLink
      activeClassName="active"
      exact={true}
      to="/"
    >
      Home
    </NavLink>
  </li>
  <li>
    <NavLink
      activeClassName="active"
      exact={true}
      to="/about"
    >
      About
    </NavLink>
  </li>
</ul>
`;
