// Jest Snapshot v1, https://goo.gl/fbAQLP

exports[`<Nav/> 1`] = `
<ul
  className="nav"
>
  <li>
    <NavLink
      activeClassName="active"
      exact={true}
      to="/"
    >
      <FormattedMessage
        defaultMessage="Home"
        id="home"
        values={Object {}}
      />
    </NavLink>
  </li>
  <li>
    <NavLink
      activeClassName="active"
      exact={true}
      to="/about"
    >
      <FormattedMessage
        defaultMessage="About"
        id="about"
        values={Object {}}
      />
    </NavLink>
  </li>
</ul>
`;
