// Jest Snapshot v1, https://goo.gl/fbAQLP

exports[`<List /> snapshot 1`] = `
<ul>
  <div>
    <div
      className="card"
    >
      <div
        className="cardInfo"
      >
        <h4>
          Item 1
        </h4>
        <p>
          Item number one
        </p>
      </div>
    </div>
  </div>
  <div>
    <div
      className="card"
    >
      <div
        className="cardInfo"
      >
        <h4>
          Item 2
        </h4>
        <p>
          Item number two
        </p>
      </div>
    </div>
  </div>
  <div>
    <div
      className="card"
    >
      <div
        className="cardInfo"
      >
        <h4>
          Item 3
        </h4>
        <p>
          Item number three
        </p>
      </div>
    </div>
  </div>
  <div>
    <div
      className="card"
    >
      <div
        className="cardInfo"
      >
        <h4>
          Item 4
        </h4>
        <p>
          Item number four
        </p>
      </div>
    </div>
  </div>
  <div>
    <div
      className="card"
    >
      <div
        className="cardInfo"
      >
        <h4>
          Item 5
        </h4>
        <p>
          Item number five
        </p>
      </div>
    </div>
  </div>
  <div>
    <div
      className="card"
    >
      <div
        className="cardInfo"
      >
        <h4>
          Item 6
        </h4>
        <p>
          Item number six
        </p>
      </div>
    </div>
  </div>
</ul>
`;
