// Jest Snapshot v1, https://goo.gl/fbAQLP

exports[`<App/> 1`] = `
<div
  className="container shadow"
>
  <Counter />
  <button
    className="button shadow"
    onClick={[Function]}
  >
    <FormattedMessage
      defaultMessage="Test"
      id="test"
      values={Object {}}
    />
  </button>
</div>
`;
