// Jest Snapshot v1, https://goo.gl/fbAQLP

exports[`<App/> snapshot 1`] = `
<div
  className="container"
>
  <Counter />
  <button
    className="button shadow"
    onClick={[Function]}
  >
    click me
  </button>
  <Clickable
    content={
      <div
        className="apiResponse"
      >
        <span>
          /api/sample
           response:
        </span>
        <div>
          ""
        </div>
      </div>
    }
    onClick={[Function]}
  />
</div>
`;
