// Jest Snapshot v1, https://goo.gl/fbAQLP

exports[`<Sortable /> snapshot 1`] = `
<div
  className="sortable"
>
  <label>
    <span>
      Lock Axis
    </span>
    <input
      checked=""
      name="lockAxis"
      onChange={[Function]}
      type="checkbox"
    />
  </label>
  <label>
    <span>
      Transition duration
    </span>
    <input
      name="transitionDuration"
      onChange={[Function]}
      type="Number"
      value={400}
    />
  </label>
  <label>
    <span>
      Press Delay
    </span>
    <input
      name="pressDelay"
      onChange={[Function]}
      type="Number"
      value={0}
    />
  </label>
  <label>
    <span>
      Distance
    </span>
    <input
      name="distance"
      onChange={[Function]}
      type="Number"
      value={0}
    />
  </label>
  <div>
    <ul>
      <div>
        <div
          className="card"
        >
          <h4>
            Item 1
          </h4>
          <p>
            Item number one
          </p>
        </div>
      </div>
      <div>
        <div
          className="card"
        >
          <h4>
            Item 2
          </h4>
          <p>
            Item number two
          </p>
        </div>
      </div>
      <div>
        <div
          className="card"
        >
          <h4>
            Item 3
          </h4>
          <p>
            Item number three
          </p>
        </div>
      </div>
      <div>
        <div
          className="card"
        >
          <h4>
            Item 4
          </h4>
          <p>
            Item number four
          </p>
        </div>
      </div>
      <div>
        <div
          className="card"
        >
          <h4>
            Item 5
          </h4>
          <p>
            Item number five
          </p>
        </div>
      </div>
      <div>
        <div
          className="card"
        >
          <h4>
            Item 6
          </h4>
          <p>
            Item number six
          </p>
        </div>
      </div>
    </ul>
  </div>
</div>
`;
