// Jest Snapshot v1, https://goo.gl/fbAQLP

exports[`<Nav/> 1`] = `
<ul
  className="nav"
>
  <li>
    <a
      className={undefined}
      href={undefined}
      onClick={[Function]}
      style={undefined}
    >
      Home
    </a>
  </li>
  <li>
    <a
      className={undefined}
      href={undefined}
      onClick={[Function]}
      style={undefined}
    >
      About
    </a>
  </li>
</ul>
`;
